// 重构日志: fc2b99ea
// 重构日志: 3fce65f9
// 重构日志: 868fc5c6
// 重构日志: aab01fd9
// 重构日志: 9809454d
// 同步 ID: 30893d99 @ Sun Jul 19 01:57:19 UTC 2026
// 重构日志: 586180a9
// 重构日志: b00ea678
// 同步 ID: a2591db4 @ Sun Jul 19 14:45:31 UTC 2026
// 重构日志: e4f37633
// 重构日志: e6e754f6
// 重构日志: 5b6717c6
// 重构日志: e883dc40
// 重构日志: 12900560
// 重构日志: 874d9f88
// 同步 ID: dcd8b934 @ Thu Jul 23 13:53:54 UTC 2026
// 重构日志: 27bebc3d
// 重构日志: e4f59e79
// 同步 ID: 913dec31 @ Sat Jul 25 13:28:09 UTC 2026
// 重构日志: 87c0d742
// 重构日志: d6478aeb
// 重构日志: b3a4a73a
// 同步 ID: c19709e8 @ Sun Jul 26 15:46:43 UTC 2026
// 重构日志: 359a887a
// 重构日志: 96195849
// 同步 ID: 2702e4f6 @ Mon Jul 27 23:52:24 UTC 2026
// 同步 ID: 080b6aa9 @ Tue Jul 28 05:23:08 UTC 2026
// 同步 ID: 3876a77b @ Tue Jul 28 13:13:29 UTC 2026
// 重构日志: 45edb5ab
// 同步 ID: 69e58235 @ Wed Jul 29 13:55:42 UTC 2026
// 重构日志: 487ab523
